// Jest Snapshot v1, https://goo.gl/fbAQLP

exports[`SimpleLoader tests should match snapshot 1`] = `
<DocumentFragment>
  <span
    class="MuiCircularProgress-root MuiCircularProgress-indeterminate MuiCircularProgress-colorPrimary css-u8tkwc-MuiCircularProgress-root"
    data-testid="circular-progress"
    role="progressbar"
    style="width: 40px; height: 40px;"
  >
    <svg
      class="MuiCircularProgress-svg css-1idz92c-MuiCircularProgress-svg"
      viewBox="22 22 44 44"
    >
      <circle
        class="MuiCircularProgress-circle MuiCircularProgress-circleIndeterminate css-176wh8e-MuiCircularProgress-circle"
        cx="44"
        cy="44"
        fill="none"
        r="20.2"
        stroke-width="3.6"
      />
    </svg>
  </span>
</DocumentFragment>
`;
