// Jest Snapshot v1, https://goo.gl/fbAQLP

exports[`Table Filter tests should match snapshot 1`] = `
<DocumentFragment>
  <div
    class="MuiBox-root css-18tbono"
  >
    <div
      class="MuiFormControl-root css-1cp56a0-MuiFormControl-root"
      data-testid="form-control-id"
    >
      <label
        class="MuiFormLabel-root MuiInputLabel-root MuiInputLabel-formControl MuiInputLabel-animated MuiInputLabel-shrink MuiInputLabel-sizeMedium MuiInputLabel-standard MuiFormLabel-colorPrimary MuiFormLabel-filled MuiInputLabel-root MuiInputLabel-formControl MuiInputLabel-animated MuiInputLabel-shrink MuiInputLabel-sizeMedium MuiInputLabel-standard css-1p6z1ep-MuiFormLabel-root-MuiInputLabel-root"
        data-shrink="true"
      >
        Filter by "Bill type"
      </label>
      <div
        class="MuiInputBase-root MuiInput-root MuiInput-underline MuiInputBase-colorPrimary MuiInputBase-formControl  css-n70jm4-MuiInputBase-root-MuiInput-root-MuiSelect-root"
        data-testid="TableFilter-select"
      >
        <div
          aria-controls=":r0:"
          aria-expanded="false"
          aria-haspopup="listbox"
          aria-labelledby="TableFilter-label"
          class="MuiSelect-select MuiSelect-standard MuiInputBase-input MuiInput-input css-1rxz5jq-MuiSelect-select-MuiInputBase-input-MuiInput-input"
          role="combobox"
          tabindex="0"
        >
          All
        </div>
        <input
          aria-hidden="true"
          aria-invalid="false"
          class="MuiSelect-nativeInput css-yf8vq0-MuiSelect-nativeInput"
          tabindex="-1"
          value="All"
        />
        <svg
          aria-hidden="true"
          class="MuiSvgIcon-root MuiSvgIcon-fontSizeMedium MuiSelect-icon MuiSelect-iconStandard css-pqjvzy-MuiSvgIcon-root-MuiSelect-icon"
          data-testid="ArrowDropDownIcon"
          focusable="false"
          viewBox="0 0 24 24"
        >
          <path
            d="M7 10l5 5 5-5z"
          />
        </svg>
      </div>
    </div>
  </div>
</DocumentFragment>
`;
